[d4rkd3n1337.ru/index.html]
[backblue.gif]
[fade.gif]
[index.html]
[d4rkd3n1337.ru/images/icons/1.ico]
[cdnjs.cloudflare.com/ajax/libs/parallax/3.1.0/parallax.min.js]
[maxcdn.bootstrapcdn.com/font-awesome/4.6.3/css/font-awesome.min.css]
[cdnjs.cloudflare.com/ajax/libs/normalize/5.0.0/normalize.min.css]
[d4rkd3n1337.ru/css/unknown.css]
[d4rkd3n1337.ru/1SjyB6/image.png]
[d4rkd3n1337.ru/3.mp4]
[d4rkd3n1337.ru/jquery-2.2.4.min.js]
[maxcdn.bootstrapcdn.com/bootstrap/3.3.6/js/bootstrap.min.js]
[d4rkd3n1337.ru/js/unknown.js]
[d4rkd3n1337.ru/1337/index.html]
[d4rkd3n1337.ru/dwn/index.html]
[d4rkd3n1337.ru/giperfast.a.delayed]
[d4rkd3n1337.ru/index.html]
[maxcdn.bootstrapcdn.com/font-awesome/4.6.3/css/font-awesome.min.css]
[cdnjs.cloudflare.com/ajax/libs/normalize/5.0.0/normalize.min.css]
[d4rkd3n1337.ru/css/unknown.css]
[cur.cursors-4u.net/cursor.png]
[d4rkd3n1337.ru/dwn/x7_RUST.7z]
[d4rkd3n1337.ru/dwn/indexb70a.html]
[d4rkd3n1337.ru/dwn/indexf8a0.html]
[d4rkd3n1337.ru/dwn/indexbfec.html]
[d4rkd3n1337.ru/dwn/index30b5.html]
[d4rkd3n1337.ru/dwn/weapon_id_dumper.exe]
[d4rkd3n1337.ru/dwn/ru_visual_studio_professional_2013_with_update_5_x86_web_installer_6815769.exe]
[d4rkd3n1337.ru/dwn/iTunes64Setup.exe]
[d4rkd3n1337.ru/dwn/fsbot.exe]
[d4rkd3n1337.ru/dwn/firefox_esr.msi]
[d4rkd3n1337.ru/dwn/firefox_esr.exe]
[d4rkd3n1337.ru/dwn/directx9_example.exe]
[d4rkd3n1337.ru/dwn/cloudflared-stable-linux-amd64.deb]
[d4rkd3n1337.ru/dwn/client.dll]
[d4rkd3n1337.ru/dwn/index.html]
[d4rkd3n1337.ru/1337/SUICIDE PAGE_files/all.css]
[d4rkd3n1337.ru/1337/index.html]
[d4rkd3n1337.ru/jquery-2.2.4.min.js]
[d4rkd3n1337.ru/js/unknown.js]
[d4rkd3n1337.ru/giperfast.html]
[d4rkd3n1337.ru/1337/SUICIDE PAGE_files/css]
[d4rkd3n1337.ru/dwn/AMTEmu v.0.9.2 Windows.rar]
[d4rkd3n1337.ru/dwn/indexc052.html]
[d4rkd3n1337.ru/dwn/Aurora Memes.rar]
[d4rkd3n1337.ru/dwn/CheatEngine6.8.1.rar]
[d4rkd3n1337.ru/dwn/DifferentSLIAuto1.4.zip]
[d4rkd3n1337.ru/dwn/ExremeInj.exe]
[d4rkd3n1337.ru/dwn/IDA PRO 7.5 (x86, x64, ARM, ARM64).7z]
[d4rkd3n1337.ru/dwn/indexb70a.html]
[d4rkd3n1337.ru/dwn/TO_BYTE_ARRAY.exe]
[d4rkd3n1337.ru/dwn/VCRHyb64.exe]
[d4rkd3n1337.ru/dwn/index72c9.html]
[d4rkd3n1337.ru/dwn/Microsoft_Visual_Studio_97_6.0_2002_2003_2005_2008__MSDN_Library__Service_Packs__Fixes_rutracker-256.torrent]
[d4rkd3n1337.ru/dwn/IDA-7.3-TIRA.7z]
[d4rkd3n1337.ru/dwn/IDA PRO 7.5 SP3 (x86, x64, ARM, ARM64, PPC, PPC64, MIPS).7z]
[d4rkd3n1337.ru/dwn/indexf8a0.html]
[d4rkd3n1337.ru/dwn/index5851.html]
[d4rkd3n1337.ru/dwn/anyconnect-win-4.6.03049-core-vpn-predeploy-k9.msi]
[d4rkd3n1337.ru/dwn/indexbfec.html]
[d4rkd3n1337.ru/dwn/index30b5.html]
[d4rkd3n1337.ru/dwn/rarreg.html]
[d4rkd3n1337.ru/dwn/indexad3f.html]
[d4rkd3n1337.ru/1337/webfonts/fa-brands-400.28.delayed]
[d4rkd3n1337.ru/1337/webfonts/fa-brands-400d41d.eot]
[d4rkd3n1337.ru/1337/webfonts/fa-brands-400.woff2]
[d4rkd3n1337.ru/1337/webfonts/fa-brands-400.woff]
[d4rkd3n1337.ru/1337/webfonts/fa-brands-400.ttf]
[d4rkd3n1337.ru/1337/webfonts/fa-brands-400.svg]
[d4rkd3n1337.ru/1337/webfonts/fa-regular-400.eot]
[d4rkd3n1337.ru/1337/webfonts/fa-regular-400d41d.eot]
[d4rkd3n1337.ru/1337/webfonts/fa-regular-400.woff2]
[d4rkd3n1337.ru/1337/webfonts/fa-regular-400.woff]
[d4rkd3n1337.ru/1337/webfonts/fa-regular-400.ttf]
[d4rkd3n1337.ru/1337/webfonts/fa-regular-400.svg]
[d4rkd3n1337.ru/1337/webfonts/fa-solid-900.eot]
[d4rkd3n1337.ru/1337/webfonts/fa-solid-900d41d.eot]
[d4rkd3n1337.ru/1337/webfonts/fa-solid-900.woff2]
[d4rkd3n1337.ru/1337/webfonts/fa-solid-900.woff]
[d4rkd3n1337.ru/1337/webfonts/fa-solid-900.ttf]
[d4rkd3n1337.ru/1337/webfonts/fa-solid-900.svg]
[d4rkd3n1337.ru/1337/SUICIDE PAGE_files/all.css]
[d4rkd3n1337.ru/dwn/indexc052.html]
[d4rkd3n1337.ru/dwn/index72c9.html]
[d4rkd3n1337.ru/dwn/VPN_UDP.html]
[d4rkd3n1337.ru/dwn/index5851.html]
[d4rkd3n1337.ru/dwn/indexad3f.html]
[d4rkd3n1337.ru/1337/webfonts/fa-brands-400.html]
[d4rkd3n1337.ru/1337/webfonts/fa-brands-400d41d.html]
[d4rkd3n1337.ru/1337/webfonts/fa-brands-401.html]
[d4rkd3n1337.ru/1337/webfonts/fa-brands-402.html]
[d4rkd3n1337.ru/1337/webfonts/fa-brands-403.html]
[d4rkd3n1337.ru/1337/webfonts/fa-brands-404.html]
[d4rkd3n1337.ru/1337/webfonts/fa-regular-400.html]
[d4rkd3n1337.ru/1337/webfonts/fa-regular-400d41d.html]
[d4rkd3n1337.ru/1337/webfonts/fa-regular-401.html]
[d4rkd3n1337.ru/1337/webfonts/fa-regular-402.html]
[d4rkd3n1337.ru/1337/webfonts/fa-regular-403.html]
[d4rkd3n1337.ru/1337/webfonts/fa-regular-404.html]
[d4rkd3n1337.ru/1337/webfonts/fa-solid-900.html]
[d4rkd3n1337.ru/1337/webfonts/fa-solid-900d41d.html]
[d4rkd3n1337.ru/1337/webfonts/fa-solid-901.html]
[d4rkd3n1337.ru/1337/webfonts/fa-solid-902.html]
[d4rkd3n1337.ru/1337/webfonts/fa-solid-903.html]
[d4rkd3n1337.ru/1337/webfonts/fa-solid-904.html]
[suicidecoder.cf/ico.png]
